Abstract Factory.pattern => 1 , 1 , 1
Builder.pattern => 0 , 0 , 0
Bridge.pattern => 0 , 0 , 0
Command.pattern => 0 , 0 , 0
Observer.pattern => 5 , 3 , 2
Visitor.pattern => 0 , 0 , 0